---
source: src/raw_upload.rs
expression: parse_raw_upload(&upload_json).unwrap().0
input_file: tests/no-testsuite-name.xml
---
- framework: ~
  testruns:
    - name: a_unit_test
      classname: a_unit_test
      duration: 33.4734
      outcome: failure
      testsuite: ""
      failure_message: Failed
      filename: ~
      build_url: ~
      computed_name: ~
