---
source: src/raw_upload.rs
expression: parse_raw_upload(&upload_json).unwrap().0
input_file: tests/windows.junit.xml
---
- framework: ~
  testruns: []
